// Jest Snapshot v1, https://goo.gl/fbAQLP

exports[`renders correctly 1`] = `
<RCTSafeAreaView
  emulateUnlessSupported={true}
  style={
    Object {
      "backgroundColor": "#ededed",
      "flex": 1,
    }
  }
>
  <View
    style={
      Object {
        "alignContent": "center",
        "borderBottomColor": "#CCC",
        "borderBottomWidth": 1,
        "flexDirection": "row",
        "justifyContent": "center",
        "marginBottom": 10,
        "marginHorizontal": 16,
        "paddingBottom": 8,
      }
    }
  >
    <TextInput
      allowFontScaling={true}
      autoCapitalize="none"
      autoCorrect={false}
      onChangeText={[Function]}
      placeholder="Digite seu usuÃ¡rio no Github"
      rejectResponderTermination={true}
      style={
        Object {
          "alignSelf": "stretch",
          "backgroundColor": "#FFF",
          "borderColor": "#ddd",
          "borderRadius": 6,
          "borderWidth": 1,
          "flex": 5,
          "height": 46,
          "marginBottom": 10,
          "marginTop": 20,
          "paddingHorizontal": 15,
        }
      }
      underlineColorAndroid="transparent"
      value=""
    />
    <View
      accessible={true}
      clickable={true}
      isTVSelectable={true}
      onClick={[Function]}
      onResponderGrant={[Function]}
      onResponderMove={[Function]}
      onResponderRelease={[Function]}
      onResponderTerminate={[Function]}
      onResponderTerminationRequest={[Function]}
      onStartShouldSetResponder={[Function]}
      style={
        Object {
          "alignItems": "center",
          "flex": 1,
          "justifyContent": "center",
          "opacity": 1,
        }
      }
    >
      <Text
        style={
          Object {
            "fontSize": 28,
            "fontWeight": "bold",
          }
        }
      >
        +
      </Text>
    </View>
  </View>
  <View
    style={
      Object {
        "alignContent": "center",
        "flex": 1,
        "justifyContent": "center",
      }
    }
  >
    <Text
      style={
        Object {
          "alignSelf": "center",
          "color": "#666",
          "fontSize": 64,
          "fontWeight": "bold",
        }
      }
    >
      +
    </Text>
    <Text
      style={
        Object {
          "alignSelf": "center",
          "color": "#999",
        }
      }
    >
      No repository added :/
    </Text>
  </View>
</RCTSafeAreaView>
`;
